[www.swedstrust.com/index.html]
[www.swedstrust.com/static/assets/css/bootstrap.min.css]
[www.swedstrust.com/static/assets/css/animate.min.css]
[www.swedstrust.com/static/assets/css/fontawesome.min.css]
[www.swedstrust.com/static/assets/css/flaticon.css]
[www.swedstrust.com/static/assets/css/owl.carousel.min.css]
[www.swedstrust.com/static/assets/css/slick.min.css]
[www.swedstrust.com/static/assets/css/meanmenu.css]
[www.swedstrust.com/static/assets/css/magnific-popup.min.css]
[www.swedstrust.com/static/assets/css/odometer.min.css]
[www.swedstrust.com/static/assets/css/nice-select.min.css]
[www.swedstrust.com/static/assets/css/style.css]
[www.swedstrust.com/static/assets/css/responsive.css]
[cdnjs.cloudflare.com/ajax/libs/font-awesome/4.7.0/css/font-awesome.min.css]
[pagead2.googlesyndication.com/pagead/js/fac1f.txt]
[backblue.gif]
[fade.gif]
[index.html]
[www.swedstrust.com/static/images/logo.jpg]
[www.swedstrust.com/static/images/sitelogo.jpg]
[www.swedstrust.com/signup/index.html]
[www.swedstrust.com/static/assets/img/blog-image/1.jpg]
[www.swedstrust.com/about/index.html]
[www.swedstrust.com/index_2/index.html]
[www.swedstrust.com/login/index.html]
[www.swedstrust.com/services/index.html]
[www.swedstrust.com/static/assets/img/blog-image/2.jpg]
[www.swedstrust.com/home_insurance/index.html]
[www.swedstrust.com/business_insurance/index.html]
[www.swedstrust.com/health_insurance/index.html]
[www.swedstrust.com/static/assets/img/blog-image/3.jpg]
[www.swedstrust.com/faq/index.html]
[www.swedstrust.com/news/index.html]
[www.swedstrust.com/static/assets/img/blog-image/4.jpg]
[www.swedstrust.com/contact/index.html]
[www.swedstrust.com/static/assets/img/blog-image/5.jpg]
[www.swedstrust.com/static/assets/img/blog-image/6.jpg]
[www.swedstrust.com/static/assets/img/blog-image/7.jpg]
[www.swedstrust.com/static/assets/img/blog-image/8.jpg]
[www.swedstrust.com/static/assets/img/featured-services-image/1.jpg]
[www.swedstrust.com/static/assets/img/icon1.png]
[www.swedstrust.com/static/assets/img/umbrella.png]
[www.swedstrust.com/static/assets/img/featured-services-image/2.jpg]
[www.swedstrust.com/static/assets/img/icon2.png]
[www.swedstrust.com/static/assets/img/featured-services-image/3.jpg]
[www.swedstrust.com/static/assets/img/icon3.png]
[www.swedstrust.com/static/assets/img/mission-img1.jpg]
[www.swedstrust.com/static/assets/img/bg-dot2.png]
[www.swedstrust.com/static/assets/img/mission-img2.jpg]
[www.swedstrust.com/static/assets/img/icon-bg1.png]
[www.swedstrust.com/static/assets/img/icon-bg2.png]
[www.swedstrust.com/static/assets/img/box-shape1.png]
[www.swedstrust.com/static/assets/img/box-shape2.png]
[www.swedstrust.com/static/assets/img/why-choose-img1.jpg]
[www.swedstrust.com/static/assets/img/why-choose-img2.jpg]
[www.swedstrust.com/static/assets/img/why-choose-img3.jpg]
[www.swedstrust.com/static/assets/img/img1.png]
[www.swedstrust.com/static/assets/img/client-image/1.jpg]
[www.swedstrust.com/static/assets/img/client-image/2.jpg]
[www.swedstrust.com/static/assets/img/client-image/3.jpg]
[www.swedstrust.com/static/assets/img/client-image/4.jpg]
[www.swedstrust.com/static/assets/img/bg-dot.png]
[www.swedstrust.com/static/assets/img/achievements-img1.jpg]
[www.swedstrust.com/static/assets/img/achievements-img2.jpg]
[www.swedstrust.com/static/assets/img/achievements-img3.jpg]
[www.swedstrust.com/static/assets/img/ctr-img.jpg]
[www.swedstrust.com/static/assets/img/bg-dot3.png]
[www.swedstrust.com/static/assets/img/woman.png]
[translate.google.com/translate_a/elementa0d8.js]
[www.swedstrust.com/static/cdn-cgi/scripts/5c5dd728/cloudflare-static/email-decode.min.html]
[www.swedstrust.com/static/assets/js/jquery.min.js]
[www.swedstrust.com/static/assets/js/popper.min.js]
[www.swedstrust.com/static/assets/js/parallax.min.js]
[www.swedstrust.com/static/assets/js/owl.carousel.min.js]
[www.swedstrust.com/static/assets/js/slick.min.js]
[www.swedstrust.com/static/assets/js/jquery.meanmenu.js]
[www.swedstrust.com/static/assets/js/jquery.appear.min.js]
[www.swedstrust.com/static/assets/js/odometer.min.js]
[www.swedstrust.com/static/assets/js/jquery.nice-select.min.js]
[www.swedstrust.com/static/assets/js/jquery.magnific-popup.min.js]
[www.swedstrust.com/static/assets/js/wow.min.js]
[www.swedstrust.com/static/assets/js/jquery.ajaxchimp.min.js]
[www.swedstrust.com/static/assets/js/form-validator.min.js]
[www.swedstrust.com/static/assets/js/contact-form-script.js]
[www.swedstrust.com/static/assets/js/main.js]
[www.swedstrust.com/static/assets/java/bootstrap.min.js]
[www.swedstrust.com/static/assets/java/jquery-3.3.1.min.js]
[www.swedstrust.com/static/assets/java/main.js]
[www.swedstrust.com/static/assets/java/popper.min.js]
[www.swedstrust.com/index.html]
[www.swedstrust.com/static/assets/css/bootstrap.min.css]
[www.swedstrust.com/static/assets/css/animate.min.css]
[www.swedstrust.com/static/assets/fonts/fa-brands-400.eot]
[www.swedstrust.com/static/assets/fonts/fa-brands-400d41dd41dd41d.eot]
[www.swedstrust.com/static/assets/fonts/fa-brands-400.woff2]
[www.swedstrust.com/static/assets/fonts/fa-brands-400.woff]
[www.swedstrust.com/static/assets/fonts/fa-brands-400.ttf]
[www.swedstrust.com/static/assets/fonts/fa-regular-400.eot]
[www.swedstrust.com/static/assets/fonts/fa-brands-400.svg]
[www.swedstrust.com/static/assets/fonts/fa-regular-400d41dd41dd41d.eot]
[www.swedstrust.com/static/assets/fonts/fa-regular-400.woff2]
[www.swedstrust.com/static/assets/fonts/fa-regular-400.woff]
[www.swedstrust.com/static/assets/fonts/fa-regular-400.ttf]
[www.swedstrust.com/static/assets/fonts/fa-regular-400.svg]
[www.swedstrust.com/static/assets/fonts/fa-solid-900.eot]
[www.swedstrust.com/static/assets/fonts/fa-solid-900d41dd41dd41d.eot]
[www.swedstrust.com/static/assets/fonts/fa-solid-900.woff2]
[www.swedstrust.com/static/assets/fonts/fa-solid-900.woff]
[www.swedstrust.com/static/assets/fonts/fa-solid-900.ttf]
[www.swedstrust.com/static/assets/css/fontawesome.min.css]
[www.swedstrust.com/static/assets/fonts/fa-solid-900.svg]
[www.swedstrust.com/static/assets/fonts/Flaticon.eot]
[www.swedstrust.com/static/assets/fonts/Flaticond41dd41dd41d.eot]
[www.swedstrust.com/static/assets/fonts/Flaticon.woff2]
[www.swedstrust.com/static/assets/fonts/Flaticon.woff]
[www.swedstrust.com/static/assets/fonts/Flaticon.ttf]
[www.swedstrust.com/static/assets/css/flaticon.css]
[www.swedstrust.com/static/assets/fonts/Flaticon.svg]
[www.swedstrust.com/static/assets/css/owl.carousel.min.css]
[www.swedstrust.com/static/assets/css/slick.min.css]
[www.swedstrust.com/static/assets/css/meanmenu.css]
[www.swedstrust.com/static/assets/css/magnific-popup.min.css]
[www.swedstrust.com/static/assets/css/odometer.min.css]
[www.swedstrust.com/static/assets/css/nice-select.min.css]
[www.swedstrust.com/static/assets/css/owl.video.play.html]
[www.swedstrust.com/static/assets/img/banner-shape.png]
[www.swedstrust.com/static/assets/img/banner-white-shape.png]
[www.swedstrust.com/static/assets/img/main-banner-image/1.jpg]
[www.swedstrust.com/static/assets/img/main-banner-image/2.jpg]
[www.swedstrust.com/static/assets/img/main-banner-image/3.jpg]
[www.swedstrust.com/static/assets/img/main-banner-image/4.jpg]
[www.swedstrust.com/static/assets/img/main-banner-image/5.jpg]
[www.swedstrust.com/static/assets/img/main-banner-image/6.jpg]
[www.swedstrust.com/static/assets/img/main-banner-image/7.jpg]
[www.swedstrust.com/static/assets/img/why-choose-bg.jpg]
[www.swedstrust.com/static/assets/img/pricing-shape.png]
[www.swedstrust.com/static/assets/img/white-bg-line.jpg]
[www.swedstrust.com/static/assets/img/agent-bg.jpg]
[www.swedstrust.com/static/assets/img/events-image/1.jpg]
[www.swedstrust.com/static/assets/img/events-image/2.jpg]
[www.swedstrust.com/static/assets/img/events-image/3.jpg]
[www.swedstrust.com/static/assets/img/events-image/4.jpg]
[www.swedstrust.com/static/assets/img/case-study-image/1.jpg]
[www.swedstrust.com/static/assets/img/case-study-image/2.jpg]
[www.swedstrust.com/static/assets/img/case-study-image/3.jpg]
[www.swedstrust.com/static/assets/img/case-study-image/4.jpg]
[www.swedstrust.com/static/assets/img/case-study-image/5.jpg]
[www.swedstrust.com/static/assets/img/case-study-image/6.jpg]
[www.swedstrust.com/static/assets/img/page-title-image/1.jpg]
[www.swedstrust.com/static/assets/img/page-title-image/2.jpg]
[www.swedstrust.com/static/assets/img/page-title-image/3.jpg]
[www.swedstrust.com/static/assets/img/blog-image/9.jpg]
[www.swedstrust.com/static/assets/img/faq-img1.jpg]
[www.swedstrust.com/static/assets/img/bg-line.png]
[www.swedstrust.com/static/assets/css/style.css]
[www.swedstrust.com/static/assets/css/responsive.css]
[cdnjs.cloudflare.com/ajax/libs/font-awesome/4.7.0/css/font-awesome.min.css]
[www.swedstrust.com/signup/images/favicon.png]
[www.swedstrust.com/static/font-awesome.css]
[www.swedstrust.com/static/css/core.css]
[www.swedstrust.com/static/css/theme.css]
[www.swedstrust.com/static/css/layerslider.css]
[www.swedstrust.com/static/css/skin.css]
[www.swedstrust.com/static/css/colorpicker.css]
[www.swedstrust.com/static/custom/vendor/mdi-font/css/material-design-iconic-font.min.css]
[www.swedstrust.com/static/custom/vendor/font-awesome-4.7/css/font-awesome.min.css]
[www.swedstrust.com/static/custom/css/main.css]
[www.swedstrust.com/static/images/slider22.jpg]
[www.swedstrust.com/static/js/jquery.js]
[www.swedstrust.com/static/js/bootstrap/tab.js]
[www.swedstrust.com/static/js/theme.js]
[www.swedstrust.com/static/js/bootstrap/alert.js]
[www.swedstrust.com/static/js/smoothscroll.js]
[www.swedstrust.com/static/js/greensock.js]
[www.swedstrust.com/static/js/layerslider.transitions.js]
[www.swedstrust.com/static/js/layerslider.kreaturamedia.jquery.js]
[www.swedstrust.com/static/custom/vendor/jquery-validate/jquery.validate.min.js]
[www.swedstrust.com/static/custom/vendor/bootstrap-wizard/bootstrap.min.js]
[www.swedstrust.com/static/custom/vendor/bootstrap-wizard/jquery.bootstrap.wizard.min.js]
[www.swedstrust.com/static/custom/js/jquery-ui.min.js]
[www.swedstrust.com/signup/index.html]
[www.swedstrust.com/static/custom/js/global.js]
[www.swedstrust.com/login/images/favicon.png]
[www.swedstrust.com/static/assets/img/pic/4.jpg]
[www.swedstrust.com/login/index.html]
[www.swedstrust.com/index_2/account/index.html]
[www.swedstrust.com/reset_password/index.html]
[www.swedstrust.com/index_2/support@swedtrust.org]
[www.swedstrust.com/index_2/index.html]
[www.swedstrust.com/about/index-2.html]
[www.swedstrust.com/static/assets/img/about-image/1.jpg]
[www.swedstrust.com/static/assets/img/about-image/2.jpg]
[www.swedstrust.com/about/index.html]
[www.swedstrust.com/services/services.html]
[www.swedstrust.com/services/index.html]
[www.swedstrust.com/static/assets/img/services-image/1.jpg]
[www.swedstrust.com/home_insurance/index.html]
[www.swedstrust.com/static/assets/img/services-image/2.jpg]
[www.swedstrust.com/static/assets/img/services-image/3.jpg]
[www.swedstrust.com/business_insurance/index.html]
[www.swedstrust.com/health_insurance/index.html]
[www.swedstrust.com/static/assets/img/bg-map.png]
[www.swedstrust.com/faq/index.html]
[www.swedstrust.com/news/index.html]
[www.swedstrust.com/contact/index-2.html]
[www.swedstrust.com/contact/index.html]
[www.swedstrust.com/assets/img/icon-bg1.html]
[www.swedstrust.com/assets/img/icon-bg2.html]
[www.swedstrust.com/static/cdn-cgi/scripts/5c5dd728/cloudflare-static/email-decode.min.html]
[www.swedstrust.com/static/assets/java/bootstrap.min.html]
[www.swedstrust.com/static/assets/java/jquery-3.3.1.min.html]
[www.swedstrust.com/static/assets/java/main.html]
[www.swedstrust.com/static/assets/java/popper.min.html]
[www.swedstrust.com/static/assets/fonts/fa-brands-400.svg]
[www.swedstrust.com/static/assets/fonts/fa-regular-400.svg]
[www.swedstrust.com/static/assets/fonts/fa-solid-900.svg]
[www.swedstrust.com/static/assets/fonts/Flaticon.svg]
[www.swedstrust.com/static/assets/css/owl.video.play.html]
[www.swedstrust.com/signup/images/favicon.html]
[www.swedstrust.com/static/font-awesome.html]
[www.swedstrust.com/static/fonts/titillium/titillium-semibold.eot]
[www.swedstrust.com/static/fonts/titillium/titillium-semiboldd41dd41dd41d.eot]
[www.swedstrust.com/static/fonts/titillium/titillium-semibold.woff]
[www.swedstrust.com/static/fonts/titillium/titillium-semibold.ttf]
[www.swedstrust.com/static/fonts/titillium/titillium-semibold.svg]
[www.swedstrust.com/static/fonts/titillium/titillium-regular.eot]
[www.swedstrust.com/static/fonts/titillium/titillium-regulard41dd41dd41d.eot]
[www.swedstrust.com/static/fonts/titillium/titillium-regular.woff]
[www.swedstrust.com/static/fonts/titillium/titillium-regular.ttf]
[www.swedstrust.com/static/fonts/titillium/titillium-regular.svg]
[www.swedstrust.com/static/css/boxed/image.jpg]
[www.swedstrust.com/static/css/boxed/pattern-2.html]
[www.swedstrust.com/static/css/boxed/pattern-3.png]
[www.swedstrust.com/static/css/boxed/pattern-4.png]
[www.swedstrust.com/static/css/boxed/pattern-5.png]
[www.swedstrust.com/static/css/boxed/pattern-6.png]
[www.swedstrust.com/static/css/boxed/pattern-7.png]
[www.swedstrust.com/static/css/boxed/pattern-8.png]
[www.swedstrust.com/static/css/boxed/pattern-9.png]
[www.swedstrust.com/static/css/boxed/pattern-10.png]
[www.swedstrust.com/static/css/core.css]
[www.swedstrust.com/static/css/theme.css]
[www.swedstrust.com/static/css/blank.html]
[www.swedstrust.com/static/css/layerslider.css]
[www.swedstrust.com/static/css/skin.html]
[www.swedstrust.com/static/css/loading.html]
[www.swedstrust.com/static/css/skin.css]
[www.swedstrust.com/static/css/patterns/pattern-1.html]
[www.swedstrust.com/static/css/patterns/pattern-2.html]
[www.swedstrust.com/static/css/patterns/pattern-3.html]
[www.swedstrust.com/static/css/patterns/pattern-4.html]
[www.swedstrust.com/static/css/patterns/pattern-5.html]
[www.swedstrust.com/static/css/patterns/pattern-6.html]
[www.swedstrust.com/static/css/patterns/pattern-7.html]
[www.swedstrust.com/static/css/patterns/pattern-8.html]
[www.swedstrust.com/static/css/patterns/pattern-9.html]
[www.swedstrust.com/static/css/patterns/pattern-10.html]
[www.swedstrust.com/static/css/colorpicker.css]
[www.swedstrust.com/static/custom/vendor/mdi-font/fonts/Material-Design-Iconic-Fontd1f1d1f1.woff2]
[www.swedstrust.com/static/custom/vendor/mdi-font/fonts/Material-Design-Iconic-Fontd1f1d1f1.woff]
[www.swedstrust.com/static/custom/vendor/mdi-font/fonts/Material-Design-Iconic-Fontd1f1d1f1.ttf]
[www.swedstrust.com/static/custom/vendor/mdi-font/css/material-design-iconic-font.min.css]
[www.swedstrust.com/static/custom/vendor/font-awesome-4.7/fonts/fontawesome-webfont3e6e3e6e.eot]
[www.swedstrust.com/static/custom/vendor/font-awesome-4.7/fonts/fontawesome-webfont3e6e3e6e.woff2]
[www.swedstrust.com/static/custom/vendor/font-awesome-4.7/fonts/fontawesome-webfont3e6e3e6e.woff]
[www.swedstrust.com/static/custom/vendor/font-awesome-4.7/fonts/fontawesome-webfontd41dd41d.eot]
[www.swedstrust.com/static/custom/vendor/font-awesome-4.7/fonts/fontawesome-webfont3e6e3e6e.ttf]
[www.swedstrust.com/static/custom/vendor/font-awesome-4.7/css/font-awesome.min.css]
[www.swedstrust.com/static/custom/css/main.css]
[www.swedstrust.com/login/images/favicon.html]
[www.swedstrust.com/static/assets/img/pic/4.html]
[www.swedstrust.com/static/custom/vendor/font-awesome-4.7/fonts/fontawesome-webfont3e6e3e6e.svg]
[www.swedstrust.com/reset_password/index.html]
[www.swedstrust.com/index_2/account/index.html]
[www.swedstrust.com/index_2/support@swedtrust.html]
[www.swedstrust.com/about/index-2.html]
[www.swedstrust.com/services/services.html]
[www.swedstrust.com/contact/index-2.html]
[www.swedstrust.com/static/fonts/titillium/titillium-semibold.svg]
[www.swedstrust.com/static/fonts/titillium/titillium-regular.svg]
[www.swedstrust.com/static/css/boxed/pattern-2.html]
[www.swedstrust.com/static/css/blank.html]
[www.swedstrust.com/static/css/skin.html]
[www.swedstrust.com/static/css/loading.html]
[www.swedstrust.com/static/css/patterns/pattern-1.html]
[www.swedstrust.com/static/css/patterns/pattern-2.html]
[www.swedstrust.com/static/css/patterns/pattern-3.html]
[www.swedstrust.com/static/css/patterns/pattern-4.html]
[www.swedstrust.com/static/css/patterns/pattern-5.html]
[www.swedstrust.com/static/css/patterns/pattern-6.html]
[www.swedstrust.com/static/css/patterns/pattern-7.html]
[www.swedstrust.com/static/css/patterns/pattern-8.html]
[www.swedstrust.com/static/css/patterns/pattern-9.html]
[www.swedstrust.com/static/css/patterns/pattern-10.html]
[www.swedstrust.com/static/custom/vendor/font-awesome-4.7/fonts/fontawesome-webfont3e6e3e6e.svg]
[www.swedstrust.com/static/css/font-awesome.css]
[www.swedstrust.com/static/fonts/fontawesome/fontawesomeba72ba72.html]
[www.swedstrust.com/static/fonts/fontawesome/fontawesomed41dd41d.html]
[www.swedstrust.com/static/fonts/fontawesome/fontawesomeba72-2ba72.html]
[www.swedstrust.com/static/fonts/fontawesome/fontawesomeba72-3ba72.html]
[www.swedstrust.com/static/css/font-awesome.css]
[www.swedstrust.com/static/fonts/fontawesome/fontawesomeba72ba72.html]
[www.swedstrust.com/static/fonts/fontawesome/fontawesomed41dd41d.html]
[www.swedstrust.com/static/fonts/fontawesome/fontawesomeba72-2ba72.html]
[www.swedstrust.com/static/fonts/fontawesome/fontawesomeba72-3ba72.html]
[www.swedstrust.com/static/fonts/fontawesome/fontawesomeba72-4ba72.html]
[www.swedstrust.com/static/fonts/fontawesome/fontawesomeba72-4ba72.html]
